Parsing module build/docker/catalogue_ctr/catalogue_proc/catalogue_proc took 60.797125ms, cumulative time 7.936054334s
Parsing module build/docker/catalogue_ctr/catalogue_proc/runtime took 31.289584ms, cumulative time 7.967343793s
Parsing module build/docker/catalogue_ctr/catalogue_proc/workflow took 8.06ms, cumulative time 7.97540371s
Parsing module build/gotests/testclients took 31.873292ms, cumulative time 8.00727696s
Parsing module build/gotests/workflow took 4.315042ms, cumulative time 8.01159196s
Parsing module build/gotests/runtime took 16.7925ms, cumulative time 8.028384376s
Parsing module build/gotests/testclients took 42.472667ms, cumulative time 8.07085696s
Parsing module build/gotests/workflow took 7.726125ms, cumulative time 8.078583043s
Parsing module build/gotests/runtime took 17.70925ms, cumulative time 8.096292251s
Parsing module build/gotests/testclients took 48.415958ms, cumulative time 8.144708126s
Parsing module build/gotests/workflow took 5.537667ms, cumulative time 8.150245751s
Parsing module build/gotests/runtime took 18.553333ms, cumulative time 8.168798959s
Parsing module build/gotests/testclients took 53.922542ms, cumulative time 8.222721417s
Parsing module build/gotests/workflow took 5.791542ms, cumulative time 8.228512875s
Parsing module build/gotests/runtime took 16.785459ms, cumulative time 8.245298292s
Parsing module build/gotests/testclients took 55.28ms, cumulative time 8.300578251s
Parsing module build/gotests/workflow took 5.200416ms, cumulative time 8.305778626s
Parsing module build/gotests/runtime took 18.892709ms, cumulative time 8.324671251s
Parsing module build/gotests/testclients took 249.022792ms, cumulative time 8.573693959s
Parsing module build/gotests/workflow took 28.521792ms, cumulative time 8.602215667s
