Parsing module build/docker/profile_service_container/profile_service_process/runtime took 35.977417ms, cumulative time 223.1645ms
Parsing module build/docker/profile_service_container/profile_service_process/workflow took 14.4895ms, cumulative time 237.653916ms
Parsing module build/docker/rate_service_container/rate_service_process/rate_service_process took 93.507667ms, cumulative time 331.161374ms
Parsing module build/docker/rate_service_container/rate_service_process/runtime took 82.55625ms, cumulative time 413.71754ms
Parsing module build/docker/rate_service_container/rate_service_process/workflow took 9.901958ms, cumulative time 423.619332ms
Parsing module build/docker/geo_service_container/geo_service_process/geo_service_process took 91.846709ms, cumulative time 515.465916ms
Parsing module build/docker/geo_service_container/geo_service_process/runtime took 48.511458ms, cumulative time 563.977166ms
Parsing module build/docker/geo_service_container/geo_service_process/workflow took 7.738583ms, cumulative time 571.715624ms
Parsing module build/docker/reserv_service_container/reserv_service_process/reserv_service_process took 77.209708ms, cumulative time 648.925249ms
Parsing module build/docker/reserv_service_container/reserv_service_process/runtime took 45.14175ms, cumulative time 694.066833ms
Parsing module build/docker/reserv_service_container/reserv_service_process/workflow took 8.476041ms, cumulative time 702.542791ms
Parsing module build/docker/recomd_service_container/recomd_service_process/recomd_service_process took 75.789833ms, cumulative time 778.332499ms
Parsing module build/docker/recomd_service_container/recomd_service_process/runtime took 50.802333ms, cumulative time 829.134707ms
Parsing module build/docker/recomd_service_container/recomd_service_process/workflow took 5.940125ms, cumulative time 835.074582ms
Parsing module build/docker/user_service_container/user_service_process/runtime took 38.456875ms, cumulative time 873.531332ms
Parsing module build/docker/user_service_container/user_service_process/user_service_process took 68.620958ms, cumulative time 942.152124ms
Parsing module build/docker/user_service_container/user_service_process/workflow took 5.421458ms, cumulative time 947.573499ms
Parsing module build/gotests/runtime took 35.42775ms, cumulative time 983.001166ms
Parsing module build/gotests/testclients took 80.214958ms, cumulative time 1.063215957s
Parsing module build/gotests/workflow took 6.748792ms, cumulative time 1.069964665s
