Parsing module build/docker/user_ctr/user_proc/user_proc took 59.143ms, cumulative time 182.440336ms
Parsing module build/docker/user_ctr/user_proc/workflow took 11.276583ms, cumulative time 193.716794ms
Parsing module build/docker/payment_ctr/payment_proc/payment_proc took 1.358452583s, cumulative time 1.552169252s
Parsing module build/docker/payment_ctr/payment_proc/runtime took 202.770625ms, cumulative time 1.754939794s
Parsing module build/docker/payment_ctr/payment_proc/workflow took 347.993792ms, cumulative time 2.102933503s
Parsing module build/docker/cart_ctr/cart_proc/cart_proc took 222.2435ms, cumulative time 2.325176878s
Parsing module build/docker/cart_ctr/cart_proc/runtime took 72.675334ms, cumulative time 2.397852003s
Parsing module build/docker/cart_ctr/cart_proc/workflow took 41.727709ms, cumulative time 2.43957967s
Parsing module build/docker/shipping_ctr/shipping_proc/runtime took 623.748167ms, cumulative time 3.063327712s
Parsing module build/docker/shipping_ctr/shipping_proc/shipping_proc took 1.940076083s, cumulative time 5.003403628s
Parsing module build/docker/shipping_ctr/shipping_proc/workflow took 12.890917ms, cumulative time 5.01629442s
Parsing module build/docker/order_ctr/order_proc/order_proc took 61.767416ms, cumulative time 5.07806167s
Parsing module build/docker/order_ctr/order_proc/runtime took 32.232584ms, cumulative time 5.110294045s
Parsing module build/docker/order_ctr/order_proc/workflow took 8.258916ms, cumulative time 5.118552836s
Parsing module build/docker/catalogue_ctr/catalogue_proc/catalogue_proc took 52.443292ms, cumulative time 5.170996045s
Parsing module build/docker/catalogue_ctr/catalogue_proc/runtime took 22.08425ms, cumulative time 5.19308017s
Parsing module build/docker/catalogue_ctr/catalogue_proc/workflow took 6.458583ms, cumulative time 5.19953867s
Parsing module build/gotests/testclients took 61.42225ms, cumulative time 5.260960795s
Parsing module build/gotests/workflow took 12.482667ms, cumulative time 5.273443337s
Parsing module build/gotests/runtime took 19.569542ms, cumulative time 5.293012795s
