Parsing module build/linux/payment_proc/workflow took 18.221167ms, cumulative time 319.343209ms
Parsing module build/linux/cart_proc/cart_proc took 93.521375ms, cumulative time 412.864459ms
Parsing module build/linux/cart_proc/runtime took 68.56075ms, cumulative time 481.425125ms
Parsing module build/linux/cart_proc/workflow took 14.315292ms, cumulative time 495.740292ms
Parsing module build/linux/shipping_proc/runtime took 62.864459ms, cumulative time 558.604626ms
Parsing module build/linux/shipping_proc/shipping_proc took 67.5405ms, cumulative time 626.145043ms
Parsing module build/linux/shipping_proc/workflow took 9.849917ms, cumulative time 635.994918ms
Parsing module build/linux/order_proc/order_proc took 81.045625ms, cumulative time 717.04046ms
Parsing module build/linux/order_proc/runtime took 53.546042ms, cumulative time 770.586252ms
Parsing module build/linux/order_proc/workflow took 15.140166ms, cumulative time 785.726293ms
Parsing module build/linux/catalogue_proc/catalogue_proc took 86.527083ms, cumulative time 872.253293ms
Parsing module build/linux/catalogue_proc/runtime took 36.843292ms, cumulative time 909.09646ms
Parsing module build/linux/catalogue_proc/workflow took 16.087334ms, cumulative time 925.18371ms
Parsing module build/gotests/testclients took 78.366ms, cumulative time 1.003549585s
Parsing module build/gotests/workflow took 14.1845ms, cumulative time 1.01773396s
Parsing module build/gotests/runtime took 30.0695ms, cumulative time 1.047803335s
Parsing module build/wlgen/wlgen_proc/runtime took 92.361334ms, cumulative time 1.140164544s
Parsing module build/wlgen/wlgen_proc/wlgen_proc took 117.906ms, cumulative time 1.258070377s
Parsing module build/wlgen/wlgen_proc/workflow took 9.359875ms, cumulative time 1.267430169s
Parsing module build/wlgen/wlgen_proc/workload took 706.5µs, cumulative time 1.268136585s
