Parsing module build/docker/cart_ctr/cart_proc/runtime took 181.428125ms, cumulative time 870.311333ms
Parsing module build/docker/cart_ctr/cart_proc/workflow took 14.390083ms, cumulative time 884.701333ms
Parsing module build/docker/shipping_ctr/shipping_proc/runtime took 48.275125ms, cumulative time 932.976292ms
Parsing module build/docker/shipping_ctr/shipping_proc/shipping_proc took 73.935833ms, cumulative time 1.006912s
Parsing module build/docker/shipping_ctr/shipping_proc/workflow took 22.523417ms, cumulative time 1.02943525s
Parsing module build/docker/queue_master_ctr/queue_master_proc/queue_master_proc took 99.914333ms, cumulative time 1.129349458s
Parsing module build/docker/queue_master_ctr/queue_master_proc/runtime took 25.88875ms, cumulative time 1.155238083s
Parsing module build/docker/queue_master_ctr/queue_master_proc/workflow took 7.955041ms, cumulative time 1.163193041s
Parsing module build/docker/order_ctr/order_proc/order_proc took 97.915166ms, cumulative time 1.261108166s
Parsing module build/docker/order_ctr/order_proc/runtime took 35.485917ms, cumulative time 1.296593958s
Parsing module build/docker/order_ctr/order_proc/workflow took 11.992083ms, cumulative time 1.308585999s
Parsing module build/docker/catalogue_ctr/catalogue_proc/catalogue_proc took 75.077833ms, cumulative time 1.383663666s
Parsing module build/docker/catalogue_ctr/catalogue_proc/runtime took 38.353166ms, cumulative time 1.422016666s
Parsing module build/docker/catalogue_ctr/catalogue_proc/workflow took 10.218708ms, cumulative time 1.432235166s
Parsing module build/docker/frontend_ctr/frontend_proc/frontend_proc took 31.424417ms, cumulative time 1.4636595s
Parsing module build/docker/frontend_ctr/frontend_proc/runtime took 13.391209ms, cumulative time 1.477050625s
Parsing module build/docker/frontend_ctr/frontend_proc/workflow took 5.545ms, cumulative time 1.482595542s
Parsing module build/gotests/testclients took 68.522084ms, cumulative time 1.551117501s
Parsing module build/gotests/workflow took 11.179167ms, cumulative time 1.562296543s
Parsing module build/gotests/runtime took 33.190042ms, cumulative time 1.59548646s
