Parsing module build/gotests/workflow took 9.907042ms, cumulative time 2.4231615s
Parsing module build/gotests/runtime took 102.772125ms, cumulative time 2.525933542s
Parsing module build/gotests/testclients took 191.715417ms, cumulative time 2.717648709s
Parsing module build/gotests/workflow took 30.965ms, cumulative time 2.748613584s
Parsing module build/gotests/runtime took 46.444ms, cumulative time 2.795057417s
Parsing module build/gotests/testclients took 95.905125ms, cumulative time 2.890962459s
Parsing module build/gotests/workflow took 13.296458ms, cumulative time 2.904258834s
Parsing module build/gotests/runtime took 34.738ms, cumulative time 2.938996709s
Parsing module build/gotests/testclients took 1.810320958s, cumulative time 4.749317542s
Parsing module build/gotests/workflow took 18.393542ms, cumulative time 4.767710959s
Parsing module build/gotests/runtime took 35.864834ms, cumulative time 4.803575626s
Parsing module build/gotests/testclients took 230.591125ms, cumulative time 5.034166709s
Parsing module build/gotests/workflow took 46.412833ms, cumulative time 5.080579459s
Parsing module build/gotests/runtime took 31.439708ms, cumulative time 5.112018959s
Parsing module build/gotests/testclients took 101.943417ms, cumulative time 5.213962251s
Parsing module build/gotests/workflow took 8.381625ms, cumulative time 5.222343751s
Parsing module build/wlgen/wlgen_proc/runtime took 49.954791ms, cumulative time 5.272298417s
Parsing module build/wlgen/wlgen_proc/wlgen_proc took 91.049042ms, cumulative time 5.363347376s
Parsing module build/wlgen/wlgen_proc/workflow took 35.46ms, cumulative time 5.398807292s
Parsing module build/wlgen/wlgen_proc/workload took 872.417µs, cumulative time 5.399679542s
